Archive member included to satisfy reference by file (symbol)

/opt/st/stm32cubeide_1.3.0/plugins/com.st.stm32cube.ide.mcu.externaltools.gnu-tools-for-stm32.7-2018-q2-update.linux64_1.0.0.201904181610/tools/bin/../lib/gcc/arm-none-eabi/7.3.1/../../../../arm-none-eabi/lib/thumb/v7e-m/fpv4-sp/hard/libc_nano.a(lib_a-errno.o)
                              Core/Src/syscalls.o (__errno)
/opt/st/stm32cubeide_1.3.0/plugins/com.st.stm32cube.ide.mcu.externaltools.gnu-tools-for-stm32.7-2018-q2-update.linux64_1.0.0.201904181610/tools/bin/../lib/gcc/arm-none-eabi/7.3.1/../../../../arm-none-eabi/lib/thumb/v7e-m/fpv4-sp/hard/libc_nano.a(lib_a-exit.o)
                              /opt/st/stm32cubeide_1.3.0/plugins/com.st.stm32cube.ide.mcu.externaltools.gnu-tools-for-stm32.7-2018-q2-update.linux64_1.0.0.201904181610/tools/bin/../lib/gcc/arm-none-eabi/7.3.1/../../../../arm-none-eabi/lib/thumb/v7e-m/fpv4-sp/hard/crt0.o (exit)
/opt/st/stm32cubeide_1.3.0/plugins/com.st.stm32cube.ide.mcu.externaltools.gnu-tools-for-stm32.7-2018-q2-update.linux64_1.0.0.201904181610/tools/bin/../lib/gcc/arm-none-eabi/7.3.1/../../../../arm-none-eabi/lib/thumb/v7e-m/fpv4-sp/hard/libc_nano.a(lib_a-impure.o)
                              /opt/st/stm32cubeide_1.3.0/plugins/com.st.stm32cube.ide.mcu.externaltools.gnu-tools-for-stm32.7-2018-q2-update.linux64_1.0.0.201904181610/tools/bin/../lib/gcc/arm-none-eabi/7.3.1/../../../../arm-none-eabi/lib/thumb/v7e-m/fpv4-sp/hard/libc_nano.a(lib_a-exit.o) (_global_impure_ptr)
/opt/st/stm32cubeide_1.3.0/plugins/com.st.stm32cube.ide.mcu.externaltools.gnu-tools-for-stm32.7-2018-q2-update.linux64_1.0.0.201904181610/tools/bin/../lib/gcc/arm-none-eabi/7.3.1/../../../../arm-none-eabi/lib/thumb/v7e-m/fpv4-sp/hard/libc_nano.a(lib_a-init.o)
                              /opt/st/stm32cubeide_1.3.0/plugins/com.st.stm32cube.ide.mcu.externaltools.gnu-tools-for-stm32.7-2018-q2-update.linux64_1.0.0.201904181610/tools/bin/../lib/gcc/arm-none-eabi/7.3.1/../../../../arm-none-eabi/lib/thumb/v7e-m/fpv4-sp/hard/crt0.o (__libc_init_array)
/opt/st/stm32cubeide_1.3.0/plugins/com.st.stm32cube.ide.mcu.externaltools.gnu-tools-for-stm32.7-2018-q2-update.linux64_1.0.0.201904181610/tools/bin/../lib/gcc/arm-none-eabi/7.3.1/../../../../arm-none-eabi/lib/thumb/v7e-m/fpv4-sp/hard/libc_nano.a(lib_a-memset.o)
                              /opt/st/stm32cubeide_1.3.0/plugins/com.st.stm32cube.ide.mcu.externaltools.gnu-tools-for-stm32.7-2018-q2-update.linux64_1.0.0.201904181610/tools/bin/../lib/gcc/arm-none-eabi/7.3.1/../../../../arm-none-eabi/lib/thumb/v7e-m/fpv4-sp/hard/crt0.o (memset)

Allocating common symbols
Common symbol       size              file

hi2c1               0x4c              Core/Src/main.o
uwTick              0x4               Drivers/STM32L4xx_HAL_Driver/Src/stm32l4xx_hal.o

Discarded input sections

 .text          0x0000000000000000        0x0 /opt/st/stm32cubeide_1.3.0/plugins/com.st.stm32cube.ide.mcu.externaltools.gnu-tools-for-stm32.7-2018-q2-update.linux64_1.0.0.201904181610/tools/bin/../lib/gcc/arm-none-eabi/7.3.1/thumb/v7e-m/fpv4-sp/hard/crti.o
 .data          0x0000000000000000        0x0 /opt/st/stm32cubeide_1.3.0/plugins/com.st.stm32cube.ide.mcu.externaltools.gnu-tools-for-stm32.7-2018-q2-update.linux64_1.0.0.201904181610/tools/bin/../lib/gcc/arm-none-eabi/7.3.1/thumb/v7e-m/fpv4-sp/hard/crti.o
 .bss           0x0000000000000000        0x0 /opt/st/stm32cubeide_1.3.0/plugins/com.st.stm32cube.ide.mcu.externaltools.gnu-tools-for-stm32.7-2018-q2-update.linux64_1.0.0.201904181610/tools/bin/../lib/gcc/arm-none-eabi/7.3.1/thumb/v7e-m/fpv4-sp/hard/crti.o
 .data          0x0000000000000000        0x4 /opt/st/stm32cubeide_1.3.0/plugins/com.st.stm32cube.ide.mcu.externaltools.gnu-tools-for-stm32.7-2018-q2-update.linux64_1.0.0.201904181610/tools/bin/../lib/gcc/arm-none-eabi/7.3.1/thumb/v7e-m/fpv4-sp/hard/crtbegin.o
 .text          0x0000000000000000       0x74 /opt/st/stm32cubeide_1.3.0/plugins/com.st.stm32cube.ide.mcu.externaltools.gnu-tools-for-stm32.7-2018-q2-update.linux64_1.0.0.201904181610/tools/bin/../lib/gcc/arm-none-eabi/7.3.1/../../../../arm-none-eabi/lib/thumb/v7e-m/fpv4-sp/hard/crt0.o
 .data          0x0000000000000000        0x0 /opt/st/stm32cubeide_1.3.0/plugins/com.st.stm32cube.ide.mcu.externaltools.gnu-tools-for-stm32.7-2018-q2-update.linux64_1.0.0.201904181610/tools/bin/../lib/gcc/arm-none-eabi/7.3.1/../../../../arm-none-eabi/lib/thumb/v7e-m/fpv4-sp/hard/crt0.o
 .bss           0x0000000000000000        0x0 /opt/st/stm32cubeide_1.3.0/plugins/com.st.stm32cube.ide.mcu.externaltools.gnu-tools-for-stm32.7-2018-q2-update.linux64_1.0.0.201904181610/tools/bin/../lib/gcc/arm-none-eabi/7.3.1/../../../../arm-none-eabi/lib/thumb/v7e-m/fpv4-sp/hard/crt0.o
[...]
Memory Configuration

Name             Origin             Length             Attributes
RAM              0x0000000020000000 0x000000000000a000 xrw
FLASH            0x0000000008000000 0x0000000000020000 xr
*default*        0x0000000000000000 0xffffffffffffffff

Linker script and memory map

LOAD /opt/st/stm32cubeide_1.3.0/plugins/com.st.stm32cube.ide.mcu.externaltools.gnu-tools-for-stm32.7-2018-q2-update.linux64_1.0.0.201904181610/tools/bin/../lib/gcc/arm-none-eabi/7.3.1/thumb/v7e-m/fpv4-sp/hard/crti.o
LOAD /opt/st/stm32cubeide_1.3.0/plugins/com.st.stm32cube.ide.mcu.externaltools.gnu-tools-for-stm32.7-2018-q2-update.linux64_1.0.0.201904181610/tools/bin/../lib/gcc/arm-none-eabi/7.3.1/thumb/v7e-m/fpv4-sp/hard/crtbegin.o
LOAD /opt/st/stm32cubeide_1.3.0/plugins/com.st.stm32cube.ide.mcu.externaltools.gnu-tools-for-stm32.7-2018-q2-update.linux64_1.0.0.201904181610/tools/bin/../lib/gcc/arm-none-eabi/7.3.1/../../../../arm-none-eabi/lib/thumb/v7e-m/fpv4-sp/hard/crt0.o
LOAD Core/Src/main.o
LOAD Core/Src/rv_3028_c7.o
LOAD Core/Src/stm32l4xx_hal_msp.o
LOAD Core/Src/stm32l4xx_it.o
LOAD Core/Src/syscalls.o
LOAD Core/Src/sysmem.o
LOAD Core/Src/system_stm32l4xx.o
LOAD Core/Startup/startup_stm32l412kbtx.o
LOAD Drivers/STM32L4xx_HAL_Driver/Src/stm32l4xx_hal.o
LOAD Drivers/STM32L4xx_HAL_Driver/Src/stm32l4xx_hal_cortex.o
LOAD Drivers/STM32L4xx_HAL_Driver/Src/stm32l4xx_hal_dma.o
LOAD Drivers/STM32L4xx_HAL_Driver/Src/stm32l4xx_hal_dma_ex.o
LOAD Drivers/STM32L4xx_HAL_Driver/Src/stm32l4xx_hal_exti.o
LOAD Drivers/STM32L4xx_HAL_Driver/Src/stm32l4xx_hal_flash.o
LOAD Drivers/STM32L4xx_HAL_Driver/Src/stm32l4xx_hal_flash_ex.o
LOAD Drivers/STM32L4xx_HAL_Driver/Src/stm32l4xx_hal_flash_ramfunc.o
LOAD Drivers/STM32L4xx_HAL_Driver/Src/stm32l4xx_hal_gpio.o
LOAD Drivers/STM32L4xx_HAL_Driver/Src/stm32l4xx_hal_i2c.o
LOAD Drivers/STM32L4xx_HAL_Driver/Src/stm32l4xx_hal_i2c_ex.o
LOAD Drivers/STM32L4xx_HAL_Driver/Src/stm32l4xx_hal_pwr.o
LOAD Drivers/STM32L4xx_HAL_Driver/Src/stm32l4xx_hal_pwr_ex.o
LOAD Drivers/STM32L4xx_HAL_Driver/Src/stm32l4xx_hal_rcc.o
LOAD Drivers/STM32L4xx_HAL_Driver/Src/stm32l4xx_hal_rcc_ex.o
LOAD Drivers/STM32L4xx_HAL_Driver/Src/stm32l4xx_hal_tim.o
LOAD Drivers/STM32L4xx_HAL_Driver/Src/stm32l4xx_hal_tim_ex.o
START GROUP
LOAD /opt/st/stm32cubeide_1.3.0/plugins/com.st.stm32cube.ide.mcu.externaltools.gnu-tools-for-stm32.7-2018-q2-update.linux64_1.0.0.201904181610/tools/bin/../lib/gcc/arm-none-eabi/7.3.1/../../../../arm-none-eabi/lib/thumb/v7e-m/fpv4-sp/hard/libc_nano.a
LOAD /opt/st/stm32cubeide_1.3.0/plugins/com.st.stm32cube.ide.mcu.externaltools.gnu-tools-for-stm32.7-2018-q2-update.linux64_1.0.0.201904181610/tools/bin/../lib/gcc/arm-none-eabi/7.3.1/../../../../arm-none-eabi/lib/thumb/v7e-m/fpv4-sp/hard/libm.a
END GROUP
START GROUP
LOAD /opt/st/stm32cubeide_1.3.0/plugins/com.st.stm32cube.ide.mcu.externaltools.gnu-tools-for-stm32.7-2018-q2-update.linux64_1.0.0.201904181610/tools/bin/../lib/gcc/arm-none-eabi/7.3.1/thumb/v7e-m/fpv4-sp/hard/libgcc.a
LOAD /opt/st/stm32cubeide_1.3.0/plugins/com.st.stm32cube.ide.mcu.externaltools.gnu-tools-for-stm32.7-2018-q2-update.linux64_1.0.0.201904181610/tools/bin/../lib/gcc/arm-none-eabi/7.3.1/../../../../arm-none-eabi/lib/thumb/v7e-m/fpv4-sp/hard/libc_nano.a
END GROUP
START GROUP
LOAD /opt/st/stm32cubeide_1.3.0/plugins/com.st.stm32cube.ide.mcu.externaltools.gnu-tools-for-stm32.7-2018-q2-update.linux64_1.0.0.201904181610/tools/bin/../lib/gcc/arm-none-eabi/7.3.1/thumb/v7e-m/fpv4-sp/hard/libgcc.a
LOAD /opt/st/stm32cubeide_1.3.0/plugins/com.st.stm32cube.ide.mcu.externaltools.gnu-tools-for-stm32.7-2018-q2-update.linux64_1.0.0.201904181610/tools/bin/../lib/gcc/arm-none-eabi/7.3.1/../../../../arm-none-eabi/lib/thumb/v7e-m/fpv4-sp/hard/libc_nano.a
LOAD /opt/st/stm32cubeide_1.3.0/plugins/com.st.stm32cube.ide.mcu.externaltools.gnu-tools-for-stm32.7-2018-q2-update.linux64_1.0.0.201904181610/tools/bin/../lib/gcc/arm-none-eabi/7.3.1/../../../../arm-none-eabi/lib/thumb/v7e-m/fpv4-sp/hard/libnosys.a
END GROUP
START GROUP
LOAD /opt/st/stm32cubeide_1.3.0/plugins/com.st.stm32cube.ide.mcu.externaltools.gnu-tools-for-stm32.7-2018-q2-update.linux64_1.0.0.201904181610/tools/bin/../lib/gcc/arm-none-eabi/7.3.1/thumb/v7e-m/fpv4-sp/hard/libgcc.a
LOAD /opt/st/stm32cubeide_1.3.0/plugins/com.st.stm32cube.ide.mcu.externaltools.gnu-tools-for-stm32.7-2018-q2-update.linux64_1.0.0.201904181610/tools/bin/../lib/gcc/arm-none-eabi/7.3.1/../../../../arm-none-eabi/lib/thumb/v7e-m/fpv4-sp/hard/libc_nano.a
LOAD /opt/st/stm32cubeide_1.3.0/plugins/com.st.stm32cube.ide.mcu.externaltools.gnu-tools-for-stm32.7-2018-q2-update.linux64_1.0.0.201904181610/tools/bin/../lib/gcc/arm-none-eabi/7.3.1/../../../../arm-none-eabi/lib/thumb/v7e-m/fpv4-sp/hard/libnosys.a
END GROUP
LOAD /opt/st/stm32cubeide_1.3.0/plugins/com.st.stm32cube.ide.mcu.externaltools.gnu-tools-for-stm32.7-2018-q2-update.linux64_1.0.0.201904181610/tools/bin/../lib/gcc/arm-none-eabi/7.3.1/thumb/v7e-m/fpv4-sp/hard/crtend.o
LOAD /opt/st/stm32cubeide_1.3.0/plugins/com.st.stm32cube.ide.mcu.externaltools.gnu-tools-for-stm32.7-2018-q2-update.linux64_1.0.0.201904181610/tools/bin/../lib/gcc/arm-none-eabi/7.3.1/thumb/v7e-m/fpv4-sp/hard/crtn.o
                0x000000002000a000                _estack = (ORIGIN (RAM) + LENGTH (RAM))
                0x0000000000000200                _Min_Heap_Size = 0x200
                0x0000000000000400                _Min_Stack_Size = 0x400

.isr_vector     0x0000000008000000      0x18c
                0x0000000008000000                . = ALIGN (0x4)
 *(.isr_vector)
 .isr_vector    0x0000000008000000      0x18c Core/Startup/startup_stm32l412kbtx.o
                0x0000000008000000                g_pfnVectors
                0x000000000800018c                . = ALIGN (0x4)

.text           0x000000000800018c     0x28ec
                0x000000000800018c                . = ALIGN (0x4)
 *(.text)
 .text          0x000000000800018c       0x40 /opt/st/stm32cubeide_1.3.0/plugins/com.st.stm32cube.ide.mcu.externaltools.gnu-tools-for-stm32.7-2018-q2-update.linux64_1.0.0.201904181610/tools/bin/../lib/gcc/arm-none-eabi/7.3.1/thumb/v7e-m/fpv4-sp/hard/crtbegin.o
 *(.text*)
 .text.main     0x00000000080001cc       0xa4 Core/Src/main.o
                0x00000000080001cc                main
 .text.SystemClock_Config
                0x0000000008000270       0xb6 Core/Src/main.o
                0x0000000008000270                SystemClock_Config
 *fill*         0x0000000008000326        0x2 
 .text.MX_I2C1_Init
                0x0000000008000328       0x7c Core/Src/main.o
 .text.MX_GPIO_Init
                0x00000000080003a4       0x80 Core/Src/main.o
 .text.Error_Handler
                0x0000000008000424        0xe Core/Src/main.o
                0x0000000008000424                Error_Handler
 .text.init_rv_3028_c7
                0x0000000008000432      0x114 Core/Src/rv_3028_c7.o
                0x0000000008000432                init_rv_3028_c7
 *fill*         0x0000000008000546        0x2 
 .text.HAL_MspInit
                0x0000000008000548       0x48 Core/Src/stm32l4xx_hal_msp.o
                0x0000000008000548                HAL_MspInit
 .text.HAL_I2C_MspInit
                0x0000000008000590       0x88 Core/Src/stm32l4xx_hal_msp.o
                0x0000000008000590                HAL_I2C_MspInit
 .text.NMI_Handler
                0x0000000008000618        0xe Core/Src/stm32l4xx_it.o
                0x0000000008000618                NMI_Handler
 .text.HardFault_Handler
                0x0000000008000626        0x6 Core/Src/stm32l4xx_it.o
                0x0000000008000626                HardFault_Handler
 .text.MemManage_Handler
                0x000000000800062c        0x6 Core/Src/stm32l4xx_it.o
                0x000000000800062c                MemManage_Handler
 .text.BusFault_Handler
                0x0000000008000632        0x6 Core/Src/stm32l4xx_it.o
                0x0000000008000632                BusFault_Handler
 .text.UsageFault_Handler
                0x0000000008000638        0x6 Core/Src/stm32l4xx_it.o
                0x0000000008000638                UsageFault_Handler
 .text.SVC_Handler
                0x000000000800063e        0xe Core/Src/stm32l4xx_it.o
                0x000000000800063e                SVC_Handler
 .text.DebugMon_Handler
                0x000000000800064c        0xe Core/Src/stm32l4xx_it.o
                0x000000000800064c                DebugMon_Handler
 .text.PendSV_Handler
                0x000000000800065a        0xe Core/Src/stm32l4xx_it.o
                0x000000000800065a                PendSV_Handler
 .text.SysTick_Handler
                0x0000000008000668        0xc Core/Src/stm32l4xx_it.o
                0x0000000008000668                SysTick_Handler
 .text.SystemInit
                0x0000000008000674       0x6c Core/Src/system_stm32l4xx.o
                0x0000000008000674                SystemInit
 .text.Reset_Handler
                0x00000000080006e0       0x50 Core/Startup/startup_stm32l412kbtx.o
                0x00000000080006e0                Reset_Handler
 .text.Default_Handler
                0x0000000008000730        0x2 Core/Startup/startup_stm32l412kbtx.o
                0x0000000008000730                RTC_Alarm_IRQHandler
                0x0000000008000730                EXTI2_IRQHandler
                0x0000000008000730                TIM1_CC_IRQHandler
                0x0000000008000730                TSC_IRQHandler
                0x0000000008000730                TIM6_IRQHandler
                0x0000000008000730                TAMP_STAMP_IRQHandler
                0x0000000008000730                EXTI3_IRQHandler
                0x0000000008000730                LPTIM2_IRQHandler
                0x0000000008000730                I2C3_ER_IRQHandler
                0x0000000008000730                EXTI0_IRQHandler
                0x0000000008000730                I2C2_EV_IRQHandler
                0x0000000008000730                FPU_IRQHandler
                0x0000000008000730                TIM1_UP_TIM16_IRQHandler
                0x0000000008000730                ADC1_2_IRQHandler
                0x0000000008000730                SPI1_IRQHandler
                0x0000000008000730                DMA2_Channel2_IRQHandler
                0x0000000008000730                DMA1_Channel4_IRQHandler
                0x0000000008000730                USART3_IRQHandler
                0x0000000008000730                DMA1_Channel7_IRQHandler
                0x0000000008000730                DMA2_Channel1_IRQHandler
                0x0000000008000730                QUADSPI_IRQHandler
                0x0000000008000730                I2C1_EV_IRQHandler
                0x0000000008000730                DMA1_Channel6_IRQHandler
                0x0000000008000730                DMA2_Channel4_IRQHandler
                0x0000000008000730                RCC_IRQHandler
                0x0000000008000730                TIM1_TRG_COM_IRQHandler
                0x0000000008000730                DMA1_Channel1_IRQHandler
                0x0000000008000730                Default_Handler
                0x0000000008000730                DMA2_Channel7_IRQHandler
                0x0000000008000730                EXTI15_10_IRQHandler
                0x0000000008000730                I2C3_EV_IRQHandler
                0x0000000008000730                USB_IRQHandler
                0x0000000008000730                EXTI9_5_IRQHandler
                0x0000000008000730                RTC_WKUP_IRQHandler
                0x0000000008000730                PVD_PVM_IRQHandler
                0x0000000008000730                SPI2_IRQHandler
                0x0000000008000730                DMA2_Channel5_IRQHandler
                0x0000000008000730                CRS_IRQHandler
                0x0000000008000730                DMA1_Channel5_IRQHandler
                0x0000000008000730                EXTI4_IRQHandler
                0x0000000008000730                RNG_IRQHandler
                0x0000000008000730                DMA1_Channel3_IRQHandler
                0x0000000008000730                COMP_IRQHandler
                0x0000000008000730                WWDG_IRQHandler
                0x0000000008000730                LPUART1_IRQHandler
                0x0000000008000730                DMA2_Channel6_IRQHandler
                0x0000000008000730                TIM2_IRQHandler
                0x0000000008000730                EXTI1_IRQHandler
                0x0000000008000730                USART2_IRQHandler
                0x0000000008000730                I2C2_ER_IRQHandler
                0x0000000008000730                DMA1_Channel2_IRQHandler
                0x0000000008000730                FLASH_IRQHandler
                0x0000000008000730                USART1_IRQHandler
                0x0000000008000730                I2C1_ER_IRQHandler
                0x0000000008000730                LPTIM1_IRQHandler
                0x0000000008000730                DMA2_Channel3_IRQHandler
                0x0000000008000730                TIM1_BRK_TIM15_IRQHandler
 .text.HAL_Init
                0x0000000008000732       0x30 Drivers/STM32L4xx_HAL_Driver/Src/stm32l4xx_hal.o
                0x0000000008000732                HAL_Init
 *fill*         0x0000000008000762        0x2 
 .text.HAL_InitTick
                0x0000000008000764       0x74 Drivers/STM32L4xx_HAL_Driver/Src/stm32l4xx_hal.o
                0x0000000008000764                HAL_InitTick
 .text.HAL_IncTick
                0x00000000080007d8       0x24 Drivers/STM32L4xx_HAL_Driver/Src/stm32l4xx_hal.o
                0x00000000080007d8                HAL_IncTick
 .text.HAL_GetTick
                0x00000000080007fc       0x18 Drivers/STM32L4xx_HAL_Driver/Src/stm32l4xx_hal.o
                0x00000000080007fc                HAL_GetTick
 .text.HAL_Delay
                0x0000000008000814       0x44 Drivers/STM32L4xx_HAL_Driver/Src/stm32l4xx_hal.o
                0x0000000008000814                HAL_Delay
 .text.__NVIC_SetPriorityGrouping
                0x0000000008000858       0x48 Drivers/STM32L4xx_HAL_Driver/Src/stm32l4xx_hal_cortex.o
 .text.__NVIC_GetPriorityGrouping
                0x00000000080008a0       0x1c Drivers/STM32L4xx_HAL_Driver/Src/stm32l4xx_hal_cortex.o
 .text.__NVIC_SetPriority
                0x00000000080008bc       0x54 Drivers/STM32L4xx_HAL_Driver/Src/stm32l4xx_hal_cortex.o
 .text.NVIC_EncodePriority
                0x0000000008000910       0x66 Drivers/STM32L4xx_HAL_Driver/Src/stm32l4xx_hal_cortex.o
 *fill*         0x0000000008000976        0x2 
 .text.SysTick_Config
                0x0000000008000978       0x44 Drivers/STM32L4xx_HAL_Driver/Src/stm32l4xx_hal_cortex.o
 .text.HAL_NVIC_SetPriorityGrouping
                0x00000000080009bc       0x16 Drivers/STM32L4xx_HAL_Driver/Src/stm32l4xx_hal_cortex.o
                0x00000000080009bc                HAL_NVIC_SetPriorityGrouping
 .text.HAL_NVIC_SetPriority
                0x00000000080009d2       0x38 Drivers/STM32L4xx_HAL_Driver/Src/stm32l4xx_hal_cortex.o
                0x00000000080009d2                HAL_NVIC_SetPriority
 .text.HAL_SYSTICK_Config
                0x0000000008000a0a       0x18 Drivers/STM32L4xx_HAL_Driver/Src/stm32l4xx_hal_cortex.o
                0x0000000008000a0a                HAL_SYSTICK_Config
 *fill*         0x0000000008000a22        0x2 
 .text.HAL_GPIO_Init
                0x0000000008000a24      0x2e4 Drivers/STM32L4xx_HAL_Driver/Src/stm32l4xx_hal_gpio.o
                0x0000000008000a24                HAL_GPIO_Init
 .text.HAL_GPIO_WritePin
                0x0000000008000d08       0x30 Drivers/STM32L4xx_HAL_Driver/Src/stm32l4xx_hal_gpio.o
                0x0000000008000d08                HAL_GPIO_WritePin
 .text.HAL_I2C_Init
                0x0000000008000d38      0x11e Drivers/STM32L4xx_HAL_Driver/Src/stm32l4xx_hal_i2c.o
                0x0000000008000d38                HAL_I2C_Init
 *fill*         0x0000000008000e56        0x2 
 .text.HAL_I2C_Mem_Write
                0x0000000008000e58      0x228 Drivers/STM32L4xx_HAL_Driver/Src/stm32l4xx_hal_i2c.o
                0x0000000008000e58                HAL_I2C_Mem_Write
 .text.HAL_I2C_Mem_Read
                0x0000000008001080      0x234 Drivers/STM32L4xx_HAL_Driver/Src/stm32l4xx_hal_i2c.o
                0x0000000008001080                HAL_I2C_Mem_Read
 .text.I2C_RequestMemoryWrite
                0x00000000080012b4       0xa8 Drivers/STM32L4xx_HAL_Driver/Src/stm32l4xx_hal_i2c.o
 .text.I2C_RequestMemoryRead
                0x000000000800135c       0xa8 Drivers/STM32L4xx_HAL_Driver/Src/stm32l4xx_hal_i2c.o
 .text.I2C_Flush_TXDR
                0x0000000008001404       0x48 Drivers/STM32L4xx_HAL_Driver/Src/stm32l4xx_hal_i2c.o
 .text.I2C_WaitOnFlagUntilTimeout
                0x000000000800144c       0x80 Drivers/STM32L4xx_HAL_Driver/Src/stm32l4xx_hal_i2c.o
 .text.I2C_WaitOnTXISFlagUntilTimeout
                0x00000000080014cc       0x80 Drivers/STM32L4xx_HAL_Driver/Src/stm32l4xx_hal_i2c.o
 .text.I2C_WaitOnSTOPFlagUntilTimeout
                0x000000000800154c       0x78 Drivers/STM32L4xx_HAL_Driver/Src/stm32l4xx_hal_i2c.o
 .text.I2C_IsAcknowledgeFailed
                0x00000000080015c4       0xcc Drivers/STM32L4xx_HAL_Driver/Src/stm32l4xx_hal_i2c.o
 .text.I2C_TransferConfig
                0x0000000008001690       0x5c Drivers/STM32L4xx_HAL_Driver/Src/stm32l4xx_hal_i2c.o
 .text.HAL_I2CEx_ConfigAnalogFilter
                0x00000000080016ec       0x96 Drivers/STM32L4xx_HAL_Driver/Src/stm32l4xx_hal_i2c_ex.o
                0x00000000080016ec                HAL_I2CEx_ConfigAnalogFilter
 .text.HAL_I2CEx_ConfigDigitalFilter
                0x0000000008001782       0x98 Drivers/STM32L4xx_HAL_Driver/Src/stm32l4xx_hal_i2c_ex.o
                0x0000000008001782                HAL_I2CEx_ConfigDigitalFilter
 *fill*         0x000000000800181a        0x2 
 .text.HAL_PWR_EnableWakeUpPin
                0x000000000800181c       0x40 Drivers/STM32L4xx_HAL_Driver/Src/stm32l4xx_hal_pwr.o
                0x000000000800181c                HAL_PWR_EnableWakeUpPin
 .text.HAL_PWR_DisableWakeUpPin
                0x000000000800185c       0x2c Drivers/STM32L4xx_HAL_Driver/Src/stm32l4xx_hal_pwr.o
                0x000000000800185c                HAL_PWR_DisableWakeUpPin
 .text.HAL_PWREx_GetVoltageRange
                0x0000000008001888       0x1c Drivers/STM32L4xx_HAL_Driver/Src/stm32l4xx_hal_pwr_ex.o
                0x0000000008001888                HAL_PWREx_GetVoltageRange
 .text.HAL_PWREx_ControlVoltageScaling
                0x00000000080018a4       0xac Drivers/STM32L4xx_HAL_Driver/Src/stm32l4xx_hal_pwr_ex.o
                0x00000000080018a4                HAL_PWREx_ControlVoltageScaling
 .text.HAL_PWREx_DisableInternalWakeUpLine
                0x0000000008001950       0x20 Drivers/STM32L4xx_HAL_Driver/Src/stm32l4xx_hal_pwr_ex.o
                0x0000000008001950                HAL_PWREx_DisableInternalWakeUpLine
 .text.HAL_PWREx_EnableGPIOPullUp
                0x0000000008001970       0xf4 Drivers/STM32L4xx_HAL_Driver/Src/stm32l4xx_hal_pwr_ex.o
                0x0000000008001970                HAL_PWREx_EnableGPIOPullUp
 .text.HAL_PWREx_EnterSHUTDOWNMode
                0x0000000008001a64       0x34 Drivers/STM32L4xx_HAL_Driver/Src/stm32l4xx_hal_pwr_ex.o
                0x0000000008001a64                HAL_PWREx_EnterSHUTDOWNMode
 .text.HAL_RCC_OscConfig
                0x0000000008001a98      0x8cc Drivers/STM32L4xx_HAL_Driver/Src/stm32l4xx_hal_rcc.o
                0x0000000008001a98                HAL_RCC_OscConfig
 .text.HAL_RCC_ClockConfig
                0x0000000008002364      0x1c4 Drivers/STM32L4xx_HAL_Driver/Src/stm32l4xx_hal_rcc.o
                0x0000000008002364                HAL_RCC_ClockConfig
 .text.HAL_RCC_GetSysClockFreq
                0x0000000008002528      0x114 Drivers/STM32L4xx_HAL_Driver/Src/stm32l4xx_hal_rcc.o
                0x0000000008002528                HAL_RCC_GetSysClockFreq
 .text.RCC_SetFlashLatencyFromMSIRange
                0x000000000800263c       0xc0 Drivers/STM32L4xx_HAL_Driver/Src/stm32l4xx_hal_rcc.o
 .text.HAL_RCCEx_PeriphCLKConfig
                0x00000000080026fc      0x30c Drivers/STM32L4xx_HAL_Driver/Src/stm32l4xx_hal_rcc_ex.o
                0x00000000080026fc                HAL_RCCEx_PeriphCLKConfig
 .text.__libc_init_array
                0x0000000008002a08       0x48 /opt/st/stm32cubeide_1.3.0/plugins/com.st.stm32cube.ide.mcu.externaltools.gnu-tools-for-stm32.7-2018-q2-update.linux64_1.0.0.201904181610/tools/bin/../lib/gcc/arm-none-eabi/7.3.1/../../../../arm-none-eabi/lib/thumb/v7e-m/fpv4-sp/hard/libc_nano.a(lib_a-init.o)
                0x0000000008002a08                __libc_init_array
 .text.memset   0x0000000008002a50       0x10 /opt/st/stm32cubeide_1.3.0/plugins/com.st.stm32cube.ide.mcu.externaltools.gnu-tools-for-stm32.7-2018-q2-update.linux64_1.0.0.201904181610/tools/bin/../lib/gcc/arm-none-eabi/7.3.1/../../../../arm-none-eabi/lib/thumb/v7e-m/fpv4-sp/hard/libc_nano.a(lib_a-memset.o)
                0x0000000008002a50                memset
 *(.glue_7)
 .glue_7        0x0000000008002a60        0x0 linker stubs
 *(.glue_7t)
 .glue_7t       0x0000000008002a60        0x0 linker stubs
 *(.eh_frame)
 .eh_frame      0x0000000008002a60        0x0 /opt/st/stm32cubeide_1.3.0/plugins/com.st.stm32cube.ide.mcu.externaltools.gnu-tools-for-stm32.7-2018-q2-update.linux64_1.0.0.201904181610/tools/bin/../lib/gcc/arm-none-eabi/7.3.1/thumb/v7e-m/fpv4-sp/hard/crtbegin.o
 *(.init)
 .init          0x0000000008002a60        0x4 /opt/st/stm32cubeide_1.3.0/plugins/com.st.stm32cube.ide.mcu.externaltools.gnu-tools-for-stm32.7-2018-q2-update.linux64_1.0.0.201904181610/tools/bin/../lib/gcc/arm-none-eabi/7.3.1/thumb/v7e-m/fpv4-sp/hard/crti.o
                0x0000000008002a60                _init
 .init          0x0000000008002a64        0x8 /opt/st/stm32cubeide_1.3.0/plugins/com.st.stm32cube.ide.mcu.externaltools.gnu-tools-for-stm32.7-2018-q2-update.linux64_1.0.0.201904181610/tools/bin/../lib/gcc/arm-none-eabi/7.3.1/thumb/v7e-m/fpv4-sp/hard/crtn.o
 *(.fini)
 .fini          0x0000000008002a6c        0x4 /opt/st/stm32cubeide_1.3.0/plugins/com.st.stm32cube.ide.mcu.externaltools.gnu-tools-for-stm32.7-2018-q2-update.linux64_1.0.0.201904181610/tools/bin/../lib/gcc/arm-none-eabi/7.3.1/thumb/v7e-m/fpv4-sp/hard/crti.o
                0x0000000008002a6c                _fini
 .fini          0x0000000008002a70        0x8 /opt/st/stm32cubeide_1.3.0/plugins/com.st.stm32cube.ide.mcu.externaltools.gnu-tools-for-stm32.7-2018-q2-update.linux64_1.0.0.201904181610/tools/bin/../lib/gcc/arm-none-eabi/7.3.1/thumb/v7e-m/fpv4-sp/hard/crtn.o
                0x0000000008002a78                . = ALIGN (0x4)
                0x0000000008002a78                _etext = .

.vfp11_veneer   0x0000000008002a78        0x0
 .vfp11_veneer  0x0000000008002a78        0x0 linker stubs

.v4_bx          0x0000000008002a78        0x0
 .v4_bx         0x0000000008002a78        0x0 linker stubs

.iplt           0x0000000008002a78        0x0
 .iplt          0x0000000008002a78        0x0 /opt/st/stm32cubeide_1.3.0/plugins/com.st.stm32cube.ide.mcu.externaltools.gnu-tools-for-stm32.7-2018-q2-update.linux64_1.0.0.201904181610/tools/bin/../lib/gcc/arm-none-eabi/7.3.1/thumb/v7e-m/fpv4-sp/hard/crtbegin.o

.rodata         0x0000000008002a78       0x40
                0x0000000008002a78                . = ALIGN (0x4)
 *(.rodata)
 *(.rodata*)
 .rodata.AHBPrescTable
                0x0000000008002a78       0x10 Core/Src/system_stm32l4xx.o
                0x0000000008002a78                AHBPrescTable
 .rodata.MSIRangeTable
                0x0000000008002a88       0x30 Core/Src/system_stm32l4xx.o
                0x0000000008002a88                MSIRangeTable
                0x0000000008002ab8                . = ALIGN (0x4)

.rel.dyn        0x0000000008002ab8        0x0
 .rel.iplt      0x0000000008002ab8        0x0 /opt/st/stm32cubeide_1.3.0/plugins/com.st.stm32cube.ide.mcu.externaltools.gnu-tools-for-stm32.7-2018-q2-update.linux64_1.0.0.201904181610/tools/bin/../lib/gcc/arm-none-eabi/7.3.1/thumb/v7e-m/fpv4-sp/hard/crtbegin.o

.ARM.extab      0x0000000008002ab8        0x0
                0x0000000008002ab8                . = ALIGN (0x4)
 *(.ARM.extab* .gnu.linkonce.armextab.*)
                0x0000000008002ab8                . = ALIGN (0x4)

.ARM            0x0000000008002ab8        0x0
                0x0000000008002ab8                . = ALIGN (0x4)
                0x0000000008002ab8                __exidx_start = .
 *(.ARM.exidx*)
                0x0000000008002ab8                __exidx_end = .
                0x0000000008002ab8                . = ALIGN (0x4)

.preinit_array  0x0000000008002ab8        0x0
                0x0000000008002ab8                . = ALIGN (0x4)
                0x0000000008002ab8                PROVIDE (__preinit_array_start = .)
 *(.preinit_array*)
                0x0000000008002ab8                PROVIDE (__preinit_array_end = .)
                0x0000000008002ab8                . = ALIGN (0x4)

.init_array     0x0000000008002ab8        0x4
                0x0000000008002ab8                . = ALIGN (0x4)
                0x0000000008002ab8                PROVIDE (__init_array_start = .)
 *(SORT_BY_NAME(.init_array.*))
 *(.init_array*)
 .init_array    0x0000000008002ab8        0x4 /opt/st/stm32cubeide_1.3.0/plugins/com.st.stm32cube.ide.mcu.externaltools.gnu-tools-for-stm32.7-2018-q2-update.linux64_1.0.0.201904181610/tools/bin/../lib/gcc/arm-none-eabi/7.3.1/thumb/v7e-m/fpv4-sp/hard/crtbegin.o
                0x0000000008002abc                PROVIDE (__init_array_end = .)
                0x0000000008002abc                . = ALIGN (0x4)

.fini_array     0x0000000008002abc        0x4
                0x0000000008002abc                . = ALIGN (0x4)
                [!provide]                        PROVIDE (__fini_array_start = .)
 *(SORT_BY_NAME(.fini_array.*))
 *(.fini_array*)
 .fini_array    0x0000000008002abc        0x4 /opt/st/stm32cubeide_1.3.0/plugins/com.st.stm32cube.ide.mcu.externaltools.gnu-tools-for-stm32.7-2018-q2-update.linux64_1.0.0.201904181610/tools/bin/../lib/gcc/arm-none-eabi/7.3.1/thumb/v7e-m/fpv4-sp/hard/crtbegin.o
                [!provide]                        PROVIDE (__fini_array_end = .)
                0x0000000008002ac0                . = ALIGN (0x4)
                0x0000000008002ac0                _sidata = LOADADDR (.data)

.data           0x0000000020000000        0xc load address 0x0000000008002ac0
                0x0000000020000000                . = ALIGN (0x4)
                0x0000000020000000                _sdata = .
 *(.data)
 *(.data*)
 .data.SystemCoreClock
                0x0000000020000000        0x4 Core/Src/system_stm32l4xx.o
                0x0000000020000000                SystemCoreClock
 .data.uwTickPrio
                0x0000000020000004        0x4 Drivers/STM32L4xx_HAL_Driver/Src/stm32l4xx_hal.o
                0x0000000020000004                uwTickPrio
 .data.uwTickFreq
                0x0000000020000008        0x4 Drivers/STM32L4xx_HAL_Driver/Src/stm32l4xx_hal.o
                0x0000000020000008                uwTickFreq
                0x000000002000000c                . = ALIGN (0x4)
                0x000000002000000c                _edata = .

.igot.plt       0x000000002000000c        0x0 load address 0x0000000008002acc
 .igot.plt      0x000000002000000c        0x0 /opt/st/stm32cubeide_1.3.0/plugins/com.st.stm32cube.ide.mcu.externaltools.gnu-tools-for-stm32.7-2018-q2-update.linux64_1.0.0.201904181610/tools/bin/../lib/gcc/arm-none-eabi/7.3.1/thumb/v7e-m/fpv4-sp/hard/crtbegin.o
                0x000000002000000c                . = ALIGN (0x4)

.bss            0x000000002000000c       0x6c load address 0x0000000008002acc
                0x000000002000000c                _sbss = .
                0x000000002000000c                __bss_start__ = _sbss
 *(.bss)
 .bss           0x000000002000000c       0x1c /opt/st/stm32cubeide_1.3.0/plugins/com.st.stm32cube.ide.mcu.externaltools.gnu-tools-for-stm32.7-2018-q2-update.linux64_1.0.0.201904181610/tools/bin/../lib/gcc/arm-none-eabi/7.3.1/thumb/v7e-m/fpv4-sp/hard/crtbegin.o
 *(.bss*)
 *(COMMON)
 COMMON         0x0000000020000028       0x4c Core/Src/main.o
                0x0000000020000028                hi2c1
 COMMON         0x0000000020000074        0x4 Drivers/STM32L4xx_HAL_Driver/Src/stm32l4xx_hal.o
                0x0000000020000074                uwTick
                0x0000000020000078                . = ALIGN (0x4)
                0x0000000020000078                _ebss = .
                0x0000000020000078                __bss_end__ = _ebss

._user_heap_stack
                0x0000000020000078      0x600 load address 0x0000000008002acc
                0x0000000020000078                . = ALIGN (0x8)
                0x0000000020000078                PROVIDE (end = .)
                [!provide]                        PROVIDE (_end = .)
                0x0000000020000278                . = (. + _Min_Heap_Size)
 *fill*         0x0000000020000078      0x200 
                0x0000000020000678                . = (. + _Min_Stack_Size)
 *fill*         0x0000000020000278      0x400 
                0x0000000020000678                . = ALIGN (0x8)

/DISCARD/
 libc.a(*)
 libm.a(*)
 libgcc.a(*)

.ARM.attributes
                0x0000000000000000       0x30
 *(.ARM.attributes)
 .ARM.attributes
                0x0000000000000000       0x22 /opt/st/stm32cubeide_1.3.0/plugins/com.st.stm32cube.ide.mcu.externaltools.gnu-tools-for-stm32.7-2018-q2-update.linux64_1.0.0.201904181610/tools/bin/../lib/gcc/arm-none-eabi/7.3.1/thumb/v7e-m/fpv4-sp/hard/crti.o
 .ARM.attributes
                0x0000000000000022       0x34 /opt/st/stm32cubeide_1.3.0/plugins/com.st.stm32cube.ide.mcu.externaltools.gnu-tools-for-stm32.7-2018-q2-update.linux64_1.0.0.201904181610/tools/bin/../lib/gcc/arm-none-eabi/7.3.1/thumb/v7e-m/fpv4-sp/hard/crtbegin.o
 .ARM.attributes
                0x0000000000000056       0x39 Core/Src/main.o
 .ARM.attributes
                0x000000000000008f       0x39 Core/Src/rv_3028_c7.o
 .ARM.attributes
                0x00000000000000c8       0x39 Core/Src/stm32l4xx_hal_msp.o
 .ARM.attributes
                0x0000000000000101       0x39 Core/Src/stm32l4xx_it.o
 .ARM.attributes
                0x000000000000013a       0x39 Core/Src/system_stm32l4xx.o
 .ARM.attributes
                0x0000000000000173       0x21 Core/Startup/startup_stm32l412kbtx.o
 .ARM.attributes
                0x0000000000000194       0x39 Drivers/STM32L4xx_HAL_Driver/Src/stm32l4xx_hal.o
 .ARM.attributes
                0x00000000000001cd       0x39 Drivers/STM32L4xx_HAL_Driver/Src/stm32l4xx_hal_cortex.o
 .ARM.attributes
                0x0000000000000206       0x39 Drivers/STM32L4xx_HAL_Driver/Src/stm32l4xx_hal_gpio.o
 .ARM.attributes
                0x000000000000023f       0x39 Drivers/STM32L4xx_HAL_Driver/Src/stm32l4xx_hal_i2c.o
 .ARM.attributes
                0x0000000000000278       0x39 Drivers/STM32L4xx_HAL_Driver/Src/stm32l4xx_hal_i2c_ex.o
 .ARM.attributes
                0x00000000000002b1       0x39 Drivers/STM32L4xx_HAL_Driver/Src/stm32l4xx_hal_pwr.o
 .ARM.attributes
                0x00000000000002ea       0x39 Drivers/STM32L4xx_HAL_Driver/Src/stm32l4xx_hal_pwr_ex.o
 .ARM.attributes
                0x0000000000000323       0x39 Drivers/STM32L4xx_HAL_Driver/Src/stm32l4xx_hal_rcc.o
 .ARM.attributes
                0x000000000000035c       0x39 Drivers/STM32L4xx_HAL_Driver/Src/stm32l4xx_hal_rcc_ex.o
 .ARM.attributes
                0x0000000000000395       0x34 /opt/st/stm32cubeide_1.3.0/plugins/com.st.stm32cube.ide.mcu.externaltools.gnu-tools-for-stm32.7-2018-q2-update.linux64_1.0.0.201904181610/tools/bin/../lib/gcc/arm-none-eabi/7.3.1/../../../../arm-none-eabi/lib/thumb/v7e-m/fpv4-sp/hard/libc_nano.a(lib_a-init.o)
 .ARM.attributes
                0x00000000000003c9       0x34 /opt/st/stm32cubeide_1.3.0/plugins/com.st.stm32cube.ide.mcu.externaltools.gnu-tools-for-stm32.7-2018-q2-update.linux64_1.0.0.201904181610/tools/bin/../lib/gcc/arm-none-eabi/7.3.1/../../../../arm-none-eabi/lib/thumb/v7e-m/fpv4-sp/hard/libc_nano.a(lib_a-memset.o)
 .ARM.attributes
                0x00000000000003fd       0x22 /opt/st/stm32cubeide_1.3.0/plugins/com.st.stm32cube.ide.mcu.externaltools.gnu-tools-for-stm32.7-2018-q2-update.linux64_1.0.0.201904181610/tools/bin/../lib/gcc/arm-none-eabi/7.3.1/thumb/v7e-m/fpv4-sp/hard/crtn.o
OUTPUT(nanosleeper.elf elf32-littlearm)

.debug_info     0x0000000000000000     0xabed
 .debug_info    0x0000000000000000      0xeff Core/Src/main.o
 .debug_info    0x0000000000000eff      0x888 Core/Src/rv_3028_c7.o
 .debug_info    0x0000000000001787      0xb51 Core/Src/stm32l4xx_hal_msp.o
 .debug_info    0x00000000000022d8      0x318 Core/Src/stm32l4xx_it.o
 .debug_info    0x00000000000025f0      0x703 Core/Src/system_stm32l4xx.o
 .debug_info    0x0000000000002cf3       0x22 Core/Startup/startup_stm32l412kbtx.o
 .debug_info    0x0000000000002d15      0xa77 Drivers/STM32L4xx_HAL_Driver/Src/stm32l4xx_hal.o
 .debug_info    0x000000000000378c      0xea6 Drivers/STM32L4xx_HAL_Driver/Src/stm32l4xx_hal_cortex.o
 .debug_info    0x0000000000004632      0x982 Drivers/STM32L4xx_HAL_Driver/Src/stm32l4xx_hal_gpio.o
 .debug_info    0x0000000000004fb4     0x20dc Drivers/STM32L4xx_HAL_Driver/Src/stm32l4xx_hal_i2c.o
 .debug_info    0x0000000000007090      0xb4e Drivers/STM32L4xx_HAL_Driver/Src/stm32l4xx_hal_i2c_ex.o
 .debug_info    0x0000000000007bde      0xa6d Drivers/STM32L4xx_HAL_Driver/Src/stm32l4xx_hal_pwr.o
 .debug_info    0x000000000000864b      0xaf2 Drivers/STM32L4xx_HAL_Driver/Src/stm32l4xx_hal_pwr_ex.o
 .debug_info    0x000000000000913d      0xcca Drivers/STM32L4xx_HAL_Driver/Src/stm32l4xx_hal_rcc.o
 .debug_info    0x0000000000009e07      0xde6 Drivers/STM32L4xx_HAL_Driver/Src/stm32l4xx_hal_rcc_ex.o

.debug_abbrev   0x0000000000000000     0x1954
 .debug_abbrev  0x0000000000000000      0x1e3 Core/Src/main.o
 .debug_abbrev  0x00000000000001e3      0x16e Core/Src/rv_3028_c7.o
 .debug_abbrev  0x0000000000000351      0x197 Core/Src/stm32l4xx_hal_msp.o
 .debug_abbrev  0x00000000000004e8       0xe2 Core/Src/stm32l4xx_it.o
 .debug_abbrev  0x00000000000005ca      0x150 Core/Src/system_stm32l4xx.o
 .debug_abbrev  0x000000000000071a       0x12 Core/Startup/startup_stm32l412kbtx.o
 .debug_abbrev  0x000000000000072c      0x1e1 Drivers/STM32L4xx_HAL_Driver/Src/stm32l4xx_hal.o
 .debug_abbrev  0x000000000000090d      0x2fa Drivers/STM32L4xx_HAL_Driver/Src/stm32l4xx_hal_cortex.o
 .debug_abbrev  0x0000000000000c07      0x1c0 Drivers/STM32L4xx_HAL_Driver/Src/stm32l4xx_hal_gpio.o
 .debug_abbrev  0x0000000000000dc7      0x22a Drivers/STM32L4xx_HAL_Driver/Src/stm32l4xx_hal_i2c.o
 .debug_abbrev  0x0000000000000ff1      0x1b9 Drivers/STM32L4xx_HAL_Driver/Src/stm32l4xx_hal_i2c_ex.o
 .debug_abbrev  0x00000000000011aa      0x18b Drivers/STM32L4xx_HAL_Driver/Src/stm32l4xx_hal_pwr.o
 .debug_abbrev  0x0000000000001335      0x1cb Drivers/STM32L4xx_HAL_Driver/Src/stm32l4xx_hal_pwr_ex.o
 .debug_abbrev  0x0000000000001500      0x250 Drivers/STM32L4xx_HAL_Driver/Src/stm32l4xx_hal_rcc.o
 .debug_abbrev  0x0000000000001750      0x204 Drivers/STM32L4xx_HAL_Driver/Src/stm32l4xx_hal_rcc_ex.o

.debug_aranges  0x0000000000000000      0x9c8
 .debug_aranges
                0x0000000000000000       0x40 Core/Src/main.o
 .debug_aranges
                0x0000000000000040       0x20 Core/Src/rv_3028_c7.o
 .debug_aranges
                0x0000000000000060       0x30 Core/Src/stm32l4xx_hal_msp.o
 .debug_aranges
                0x0000000000000090       0x60 Core/Src/stm32l4xx_it.o
 .debug_aranges
                0x00000000000000f0       0x28 Core/Src/system_stm32l4xx.o
 .debug_aranges
                0x0000000000000118       0x28 Core/Startup/startup_stm32l412kbtx.o
 .debug_aranges
                0x0000000000000140      0x108 Drivers/STM32L4xx_HAL_Driver/Src/stm32l4xx_hal.o
 .debug_aranges
                0x0000000000000248      0x118 Drivers/STM32L4xx_HAL_Driver/Src/stm32l4xx_hal_cortex.o
 .debug_aranges
                0x0000000000000360       0x58 Drivers/STM32L4xx_HAL_Driver/Src/stm32l4xx_hal_gpio.o
 .debug_aranges
                0x00000000000003b8      0x290 Drivers/STM32L4xx_HAL_Driver/Src/stm32l4xx_hal_i2c.o
 .debug_aranges
                0x0000000000000648       0x48 Drivers/STM32L4xx_HAL_Driver/Src/stm32l4xx_hal_i2c_ex.o
 .debug_aranges
                0x0000000000000690       0x98 Drivers/STM32L4xx_HAL_Driver/Src/stm32l4xx_hal_pwr.o
 .debug_aranges
                0x0000000000000728      0x148 Drivers/STM32L4xx_HAL_Driver/Src/stm32l4xx_hal_pwr_ex.o
 .debug_aranges
                0x0000000000000870       0x88 Drivers/STM32L4xx_HAL_Driver/Src/stm32l4xx_hal_rcc.o
 .debug_aranges
                0x00000000000008f8       0xd0 Drivers/STM32L4xx_HAL_Driver/Src/stm32l4xx_hal_rcc_ex.o

.debug_ranges   0x0000000000000000      0x8e0
 .debug_ranges  0x0000000000000000       0x30 Core/Src/main.o
 .debug_ranges  0x0000000000000030       0x10 Core/Src/rv_3028_c7.o
 .debug_ranges  0x0000000000000040       0x20 Core/Src/stm32l4xx_hal_msp.o
 .debug_ranges  0x0000000000000060       0x50 Core/Src/stm32l4xx_it.o
 .debug_ranges  0x00000000000000b0       0x18 Core/Src/system_stm32l4xx.o
 .debug_ranges  0x00000000000000c8       0x20 Core/Startup/startup_stm32l412kbtx.o
 .debug_ranges  0x00000000000000e8       0xf8 Drivers/STM32L4xx_HAL_Driver/Src/stm32l4xx_hal.o
 .debug_ranges  0x00000000000001e0      0x108 Drivers/STM32L4xx_HAL_Driver/Src/stm32l4xx_hal_cortex.o
 .debug_ranges  0x00000000000002e8       0x48 Drivers/STM32L4xx_HAL_Driver/Src/stm32l4xx_hal_gpio.o
 .debug_ranges  0x0000000000000330      0x280 Drivers/STM32L4xx_HAL_Driver/Src/stm32l4xx_hal_i2c.o
 .debug_ranges  0x00000000000005b0       0x38 Drivers/STM32L4xx_HAL_Driver/Src/stm32l4xx_hal_i2c_ex.o
 .debug_ranges  0x00000000000005e8       0x88 Drivers/STM32L4xx_HAL_Driver/Src/stm32l4xx_hal_pwr.o
 .debug_ranges  0x0000000000000670      0x138 Drivers/STM32L4xx_HAL_Driver/Src/stm32l4xx_hal_pwr_ex.o
 .debug_ranges  0x00000000000007a8       0x78 Drivers/STM32L4xx_HAL_Driver/Src/stm32l4xx_hal_rcc.o
 .debug_ranges  0x0000000000000820       0xc0 Drivers/STM32L4xx_HAL_Driver/Src/stm32l4xx_hal_rcc_ex.o

.debug_macro    0x0000000000000000    0x1893a
 .debug_macro   0x0000000000000000      0x1e7 Core/Src/main.o
 .debug_macro   0x00000000000001e7      0xa5a Core/Src/main.o
 .debug_macro   0x0000000000000c41       0xb4 Core/Src/main.o
 .debug_macro   0x0000000000000cf5       0x2e Core/Src/main.o
 .debug_macro   0x0000000000000d23       0x28 Core/Src/main.o
 .debug_macro   0x0000000000000d4b       0x22 Core/Src/main.o
 .debug_macro   0x0000000000000d6d       0x8e Core/Src/main.o
 .debug_macro   0x0000000000000dfb       0x51 Core/Src/main.o
 .debug_macro   0x0000000000000e4c       0xef Core/Src/main.o
 .debug_macro   0x0000000000000f3b       0x6a Core/Src/main.o
 .debug_macro   0x0000000000000fa5      0x1df Core/Src/main.o
 .debug_macro   0x0000000000001184       0x1c Core/Src/main.o
 .debug_macro   0x00000000000011a0       0x22 Core/Src/main.o
 .debug_macro   0x00000000000011c2       0xdf Core/Src/main.o
 .debug_macro   0x00000000000012a1     0x102d Core/Src/main.o
 .debug_macro   0x00000000000022ce      0x11f Core/Src/main.o
 .debug_macro   0x00000000000023ed     0xe479 Core/Src/main.o
 .debug_macro   0x0000000000010866       0x43 Core/Src/main.o
 .debug_macro   0x00000000000108a9     0x3889 Core/Src/main.o
 .debug_macro   0x0000000000014132      0x174 Core/Src/main.o
 .debug_macro   0x00000000000142a6       0x5c Core/Src/main.o
 .debug_macro   0x0000000000014302     0x101f Core/Src/main.o
 .debug_macro   0x0000000000015321      0x494 Core/Src/main.o
 .debug_macro   0x00000000000157b5      0x21d Core/Src/main.o
 .debug_macro   0x00000000000159d2      0x13d Core/Src/main.o
 .debug_macro   0x0000000000015b0f       0xd7 Core/Src/main.o
 .debug_macro   0x0000000000015be6      0x26b Core/Src/main.o
 .debug_macro   0x0000000000015e51      0x23d Core/Src/main.o
 .debug_macro   0x000000000001608e      0x375 Core/Src/main.o
 .debug_macro   0x0000000000016403       0xd6 Core/Src/main.o
 .debug_macro   0x00000000000164d9      0x22c Core/Src/main.o
 .debug_macro   0x0000000000016705       0x5e Core/Src/main.o
 .debug_macro   0x0000000000016763       0xa5 Core/Src/main.o
 .debug_macro   0x0000000000016808      0x122 Core/Src/main.o
 .debug_macro   0x000000000001692a      0x365 Core/Src/main.o
 .debug_macro   0x0000000000016c8f      0x23a Core/Src/main.o
 .debug_macro   0x0000000000016ec9       0x28 Core/Src/main.o
 .debug_macro   0x0000000000016ef1       0x22 Core/Src/main.o
 .debug_macro   0x0000000000016f13      0x112 Core/Src/main.o
 .debug_macro   0x0000000000017025      0x1e7 Core/Src/rv_3028_c7.o
 .debug_macro   0x000000000001720c      0x1cf Core/Src/stm32l4xx_hal_msp.o
 .debug_macro   0x00000000000173db      0x1d9 Core/Src/stm32l4xx_it.o
 .debug_macro   0x00000000000175b4      0x1c6 Core/Src/system_stm32l4xx.o
 .debug_macro   0x000000000001777a      0x208 Drivers/STM32L4xx_HAL_Driver/Src/stm32l4xx_hal.o
 .debug_macro   0x0000000000017982      0x1c0 Drivers/STM32L4xx_HAL_Driver/Src/stm32l4xx_hal_cortex.o
 .debug_macro   0x0000000000017b42      0x1ff Drivers/STM32L4xx_HAL_Driver/Src/stm32l4xx_hal_gpio.o
 .debug_macro   0x0000000000017d41      0x285 Drivers/STM32L4xx_HAL_Driver/Src/stm32l4xx_hal_i2c.o
 .debug_macro   0x0000000000017fc6      0x1c0 Drivers/STM32L4xx_HAL_Driver/Src/stm32l4xx_hal_i2c_ex.o
 .debug_macro   0x0000000000018186      0x1d8 Drivers/STM32L4xx_HAL_Driver/Src/stm32l4xx_hal_pwr.o
 .debug_macro   0x000000000001835e      0x1e4 Drivers/STM32L4xx_HAL_Driver/Src/stm32l4xx_hal_pwr_ex.o
 .debug_macro   0x0000000000018542      0x202 Drivers/STM32L4xx_HAL_Driver/Src/stm32l4xx_hal_rcc.o
 .debug_macro   0x0000000000018744      0x1f6 Drivers/STM32L4xx_HAL_Driver/Src/stm32l4xx_hal_rcc_ex.o

.debug_line     0x0000000000000000     0x85b1
 .debug_line    0x0000000000000000      0x71d Core/Src/main.o
 .debug_line    0x000000000000071d      0x6aa Core/Src/rv_3028_c7.o
 .debug_line    0x0000000000000dc7      0x6b4 Core/Src/stm32l4xx_hal_msp.o
 .debug_line    0x000000000000147b      0x729 Core/Src/stm32l4xx_it.o
 .debug_line    0x0000000000001ba4      0x6b0 Core/Src/system_stm32l4xx.o
 .debug_line    0x0000000000002254       0x85 Core/Startup/startup_stm32l412kbtx.o
 .debug_line    0x00000000000022d9      0x8c3 Drivers/STM32L4xx_HAL_Driver/Src/stm32l4xx_hal.o
 .debug_line    0x0000000000002b9c      0x9ac Drivers/STM32L4xx_HAL_Driver/Src/stm32l4xx_hal_cortex.o
 .debug_line    0x0000000000003548      0x802 Drivers/STM32L4xx_HAL_Driver/Src/stm32l4xx_hal_gpio.o
 .debug_line    0x0000000000003d4a     0x1a65 Drivers/STM32L4xx_HAL_Driver/Src/stm32l4xx_hal_i2c.o
 .debug_line    0x00000000000057af      0x7c9 Drivers/STM32L4xx_HAL_Driver/Src/stm32l4xx_hal_i2c_ex.o
 .debug_line    0x0000000000005f78      0x7c0 Drivers/STM32L4xx_HAL_Driver/Src/stm32l4xx_hal_pwr.o
 .debug_line    0x0000000000006738      0xa05 Drivers/STM32L4xx_HAL_Driver/Src/stm32l4xx_hal_pwr_ex.o
 .debug_line    0x000000000000713d      0x9b0 Drivers/STM32L4xx_HAL_Driver/Src/stm32l4xx_hal_rcc.o
 .debug_line    0x0000000000007aed      0xac4 Drivers/STM32L4xx_HAL_Driver/Src/stm32l4xx_hal_rcc_ex.o

.debug_str      0x0000000000000000    0x98457
 .debug_str     0x0000000000000000    0x9565c Core/Src/main.o
                                      0x959cb (size before relaxing)
 .debug_str     0x000000000009565c       0xe9 Core/Src/rv_3028_c7.o
                                      0x9558a (size before relaxing)
 .debug_str     0x0000000000095745       0x53 Core/Src/stm32l4xx_hal_msp.o
                                      0x9527d (size before relaxing)
 .debug_str     0x0000000000095798       0xbd Core/Src/stm32l4xx_it.o
                                      0x94c9f (size before relaxing)
 .debug_str     0x0000000000095855       0xcd Core/Src/system_stm32l4xx.o
                                      0x94d74 (size before relaxing)
 .debug_str     0x0000000000095922       0x36 Core/Startup/startup_stm32l412kbtx.o
                                         0x72 (size before relaxing)
 .debug_str     0x0000000000095958      0x819 Drivers/STM32L4xx_HAL_Driver/Src/stm32l4xx_hal.o
                                      0x95612 (size before relaxing)
 .debug_str     0x0000000000096171      0x392 Drivers/STM32L4xx_HAL_Driver/Src/stm32l4xx_hal_cortex.o
                                      0x9547d (size before relaxing)
 .debug_str     0x0000000000096503      0x236 Drivers/STM32L4xx_HAL_Driver/Src/stm32l4xx_hal_gpio.o
                                      0x94fee (size before relaxing)
 .debug_str     0x0000000000096739      0xd49 Drivers/STM32L4xx_HAL_Driver/Src/stm32l4xx_hal_i2c.o
                                      0x95e84 (size before relaxing)
 .debug_str     0x0000000000097482       0xb8 Drivers/STM32L4xx_HAL_Driver/Src/stm32l4xx_hal_i2c_ex.o
                                      0x9527d (size before relaxing)
 .debug_str     0x000000000009753a      0x285 Drivers/STM32L4xx_HAL_Driver/Src/stm32l4xx_hal_pwr.o
                                      0x9506a (size before relaxing)
 .debug_str     0x00000000000977bf      0x46e Drivers/STM32L4xx_HAL_Driver/Src/stm32l4xx_hal_pwr_ex.o
                                      0x9528b (size before relaxing)
 .debug_str     0x0000000000097c2d      0x394 Drivers/STM32L4xx_HAL_Driver/Src/stm32l4xx_hal_rcc.o
                                      0x952fc (size before relaxing)
 .debug_str     0x0000000000097fc1      0x496 Drivers/STM32L4xx_HAL_Driver/Src/stm32l4xx_hal_rcc_ex.o
                                      0x9545b (size before relaxing)

.comment        0x0000000000000000       0x7b
 .comment       0x0000000000000000       0x7b Core/Src/main.o
                                         0x7c (size before relaxing)
 .comment       0x000000000000007b       0x7c Core/Src/rv_3028_c7.o
 .comment       0x000000000000007b       0x7c Core/Src/stm32l4xx_hal_msp.o
 .comment       0x000000000000007b       0x7c Core/Src/stm32l4xx_it.o
 .comment       0x000000000000007b       0x7c Core/Src/system_stm32l4xx.o
 .comment       0x000000000000007b       0x7c Drivers/STM32L4xx_HAL_Driver/Src/stm32l4xx_hal.o
 .comment       0x000000000000007b       0x7c Drivers/STM32L4xx_HAL_Driver/Src/stm32l4xx_hal_cortex.o
 .comment       0x000000000000007b       0x7c Drivers/STM32L4xx_HAL_Driver/Src/stm32l4xx_hal_gpio.o
 .comment       0x000000000000007b       0x7c Drivers/STM32L4xx_HAL_Driver/Src/stm32l4xx_hal_i2c.o
 .comment       0x000000000000007b       0x7c Drivers/STM32L4xx_HAL_Driver/Src/stm32l4xx_hal_i2c_ex.o
 .comment       0x000000000000007b       0x7c Drivers/STM32L4xx_HAL_Driver/Src/stm32l4xx_hal_pwr.o
 .comment       0x000000000000007b       0x7c Drivers/STM32L4xx_HAL_Driver/Src/stm32l4xx_hal_pwr_ex.o
 .comment       0x000000000000007b       0x7c Drivers/STM32L4xx_HAL_Driver/Src/stm32l4xx_hal_rcc.o
 .comment       0x000000000000007b       0x7c Drivers/STM32L4xx_HAL_Driver/Src/stm32l4xx_hal_rcc_ex.o

.debug_frame    0x0000000000000000     0x2658
 .debug_frame   0x0000000000000000       0xbc Core/Src/main.o
 .debug_frame   0x00000000000000bc       0x40 Core/Src/rv_3028_c7.o
 .debug_frame   0x00000000000000fc       0x80 Core/Src/stm32l4xx_hal_msp.o
 .debug_frame   0x000000000000017c      0x10c Core/Src/stm32l4xx_it.o
 .debug_frame   0x0000000000000288       0x58 Core/Src/system_stm32l4xx.o
 .debug_frame   0x00000000000002e0      0x3dc Drivers/STM32L4xx_HAL_Driver/Src/stm32l4xx_hal.o
 .debug_frame   0x00000000000006bc      0x498 Drivers/STM32L4xx_HAL_Driver/Src/stm32l4xx_hal_cortex.o
 .debug_frame   0x0000000000000b54      0x14c Drivers/STM32L4xx_HAL_Driver/Src/stm32l4xx_hal_gpio.o
 .debug_frame   0x0000000000000ca0      0xbe8 Drivers/STM32L4xx_HAL_Driver/Src/stm32l4xx_hal_i2c.o
 .debug_frame   0x0000000000001888      0x100 Drivers/STM32L4xx_HAL_Driver/Src/stm32l4xx_hal_i2c_ex.o
 .debug_frame   0x0000000000001988      0x230 Drivers/STM32L4xx_HAL_Driver/Src/stm32l4xx_hal_pwr.o
 .debug_frame   0x0000000000001bb8      0x524 Drivers/STM32L4xx_HAL_Driver/Src/stm32l4xx_hal_pwr_ex.o
 .debug_frame   0x00000000000020dc      0x1f4 Drivers/STM32L4xx_HAL_Driver/Src/stm32l4xx_hal_rcc.o
 .debug_frame   0x00000000000022d0      0x33c Drivers/STM32L4xx_HAL_Driver/Src/stm32l4xx_hal_rcc_ex.o
 .debug_frame   0x000000000000260c       0x2c /opt/st/stm32cubeide_1.3.0/plugins/com.st.stm32cube.ide.mcu.externaltools.gnu-tools-for-stm32.7-2018-q2-update.linux64_1.0.0.201904181610/tools/bin/../lib/gcc/arm-none-eabi/7.3.1/../../../../arm-none-eabi/lib/thumb/v7e-m/fpv4-sp/hard/libc_nano.a(lib_a-init.o)
 .debug_frame   0x0000000000002638       0x20 /opt/st/stm32cubeide_1.3.0/plugins/com.st.stm32cube.ide.mcu.externaltools.gnu-tools-for-stm32.7-2018-q2-update.linux64_1.0.0.201904181610/tools/bin/../lib/gcc/arm-none-eabi/7.3.1/../../../../arm-none-eabi/lib/thumb/v7e-m/fpv4-sp/hard/libc_nano.a(lib_a-memset.o)
